// Jest Snapshot v1, https://goo.gl/fbAQLP

exports[`matches snapshot 1`] = `
<DocumentFragment>
  <div
    data-testid="todolist"
  >
    <form>
      <label
        for="task"
      >
        Todo: 
      </label>
      <input
        id="task"
        name="task"
        type="text"
        value=""
      />
      <button
        data-testid="submitNewBtn"
        id="submitNewBtn"
      >
        Add Todo
      </button>
    </form>
  </div>
</DocumentFragment>
`;
